

[1;36m./qtop.py     ## Queueing System report tool. Press ? for help[0;m 
v0.9.20161222 ## For feedback and updates, see: [1;36mhttps://github.com/qtop/qtop[0;m
Please try it with watch: /home/sfranky/qtop/qtop.py -s <SOURCEDIR> -w [<every_nr_of_sec>]
[1;30m===> [0;m[1;37mJob accounting summary[0;m[1;30m <=== [0;m[1;37m2017-07-14 12:06:23[0;m
[1;36mSummary[0;m: Total:[1;31m17[0;m Up:[1;31m17[0;m Free:[1;31m4[0;m [1;31mNodes[0;m | [1;32m85[0;m/[1;32m408[0;m [1;32mcores[0;m |   [1;34m62[0;m+[1;34m31[0;m [1;34mjobs[0;m (R + Q) 
[1;36mQueues[0;m : [1;31malice[0;m: [1;31m60[0;m | [0;35mwhole[0;m: [0;35m2[0;m | [1;35mcta[0;m: [1;35m0[0;m | ctaprod: 0 | drihm: 0 | dteam.cg: 0 | gisela.cg: 0 | ibchem.cg: 0 | ibearth.cg: 0 | ibeng.cg: 0 | iber.cg: 0 | ibhpc.cg: 0 | ibict.cg: 0 | iblife.cg: 0 | ibops.cg: 0 | ibphys.cg: 0 | ibsocial.cg: 0 | ibtut.cg: 0 | ops.cg: 0 | sqm.test: 0 | [1;33mPending[0;m: [1;33m0[0;m + [1;33m31[0;m | [0;31m* implies blocked[0;m

[1;30m===> [0;m[1;37mWorker Nodes occupancy[0;m[1;30m <=== [0;m[1;30m(wnid_lines/core_map/Node state/queue name)[0;m
[1;37mda-p4-04|[0;m[0;36m000000000000[0;m[1;37m1[0;m[1;30m___________[0;m[1;37m|[0;m[0;34mr[0;m[1;37m  |[0;m[1;31ma[0;m[1;37m |[0;m
[1;37mda-p5-01|[0;m[0;36m000000000000[0;m[1;30m____________[0;m[1;37m|E  |[0;m[1;31ma[0;m[1;37m |[0;m
[1;37mda-p5-02|[0;m[0;36m000000000000[0;m[1;30m____________[0;m[1;37m|dr |[0;m[1;31ma[0;m[1;37m |[0;m
[1;37mda-p5-03|[0;m[0;36m000000000000[0;m[1;30m____________[0;m[1;37m|R  |[0;m[1;31ma[0;m[1;37m |[0;m
[1;37mda-p5-04|[0;m[0;36m000000000000[0;m[1;30m____________[0;m[1;37m|[0;m[0;35;40mhqw[0;m[1;37m|[0;m[1;31ma[0;m[1;37m |[0;m
[1;37mda-p6-01|[0;m[1;30m________________________[0;m[1;37m|[0;m[0;30;41mau[0;m[1;37m |  |[0;m
[1;37mda-p6-02|[0;m[1;30m________________________[0;m[1;37m|-  |  |[0;m
[1;37mda-p6-03|[0;m[1;30m________________________[0;m[1;37m|[0;m[0;30;41mau[0;m[1;37m |  |[0;m
[1;37mda-p6-04|[0;m[1;30m________________________[0;m[1;37m|-  |  |[0;m
[1;37mda-p7-01|[0;m[1;30m________________________[0;m[1;37m|[0;m[0;30;41mau[0;m[1;37m |  |[0;m
[1;37mda-p7-02|[0;m[1;30m________________________[0;m[1;37m|E  |  |[0;m
[1;37mda-p7-03|[0;m[1;30m________________________[0;m[1;37m|-  |  |[0;m
[1;37mda-p7-04|[0;m[1;30m________________________[0;m[1;37m|-  |  |[0;m
[1;37mda-p8-01|[0;m[1;30m________________________[0;m[1;37m|E  |  |[0;m
[1;37mda-p8-02|[0;m[1;30m________________________[0;m[1;37m|E  |  |[0;m
[1;37mda-p8-03|[0;m[1;34m222222222222222222222222[0;m[1;37m|[0;m[0;30;41mau[0;m[1;37m |[0;m[0;35mw[0;m[1;35mc[0;m[1;37m|[0;m
[1;37mda-p8-04|[0;m[1;30m________________________[0;m[1;37m|E  |  |[0;m

[1;30m
===> [0;m[1;37mUser accounts and pool mappings[0;m <=== [1;30m(sorting according to total nr. of jobs)[0;m
[id] unix account      |jobs >=   R +    Q | nodes |       GECOS field or Grid certificate DN |
[ [0;36m0[0;m] [0;36malicesgm[0;m          [0;36m|[0;m  [0;36m90[0;m     [0;36m60[0;m     [0;36m30[0;m [0;36m|[0;m     [0;36m5[0;m [0;36m|[0;m [0;36m[0;m                                         [0;36m|[0;m
[ [1;37m1[0;m] [1;37msotiris[0;m           [1;37m|[0;m   [1;37m2[0;m      [1;37m1[0;m      [1;37m1[0;m [1;37m|[0;m     [1;37m1[0;m [1;37m|[0;m [1;37m[0;m                                         [1;37m|[0;m
[ [1;34m2[0;m] [1;34mbiomed017[0;m         [1;34m|[0;m   [1;34m1[0;m      [1;34m1[0;m      [1;34m0[0;m [1;34m|[0;m     [1;34m1[0;m [1;34m|[0;m [1;34m[0;m                                         [1;34m|[0;m
