
[1;36m./qtop.py     ## Queueing System report tool. Press ? for help[0;m 
v0.9.20241013 ## For feedback and updates, see: [1;36mhttps://github.com/qtop/qtop[0;m
[1;36mSummary[0;m: Total:[1;31m6[0;m Up:[1;31m5[0;m Free:[1;31m1[0;m [1;31mNodes[0;m | [1;32m30[0;m/[1;32m48[0;m [1;32mcores[0;m |   [1;34m4[0;m+[1;34m3[0;m [1;34mjobs[0;m (R + Q) 
[1;36mQueues[0;m : batch: 3 + 2 | [0;31murgent[0;m: [0;31m1[0;m + [0;31m1[0;m | [0;31m* implies blocked[0;m

[1;30m===> [0;m[1;37mWorker Nodes occupancy[0;m[1;30m <=== [0;m[1;30m(wnid_lines/core_map/Node state/queue name)[0;m
[1;37mwn001|[0;m[0;36m0000[0;m[0;32m22[0;m[1;30m__[0;m[1;37m|%|b|[0;m
[1;37mwn002|[0;m[0;36m00000000[0;m[1;37m|b|b|[0;m
[1;37mwn003|[0;m[0;31m44444444[0;m[1;37m|b|[0;m[0;31mu[0;m[1;37m|[0;m
[1;37mwn004|[0;m[0;31m44444444[0;m[1;37m|b|[0;m[0;31mu[0;m[1;37m|[0;m
[1;37mwn005|[0;m[1;30m________[0;m[1;37m|-| |[0;m
[1;37mwn006|[0;m[1;30m________[0;m[1;37m|[0;m[1;31;40md[0;m[1;37m| |[0;m

[1;30m
===> [0;m[1;37mUser accounts and pool mappings[0;m <=== [1;30m(sorting according to total nr. of jobs)[0;m
[id] unix account      |jobs >=   R +    Q | nodes |       GECOS field or Grid certificate DN |
[ [0;36m0[0;m] [0;36malice01[0;m           [0;36m|[0;m   [0;36m2[0;m      [0;36m2[0;m      [0;36m0[0;m [0;36m|[0;m     [0;36m2[0;m [0;36m|[0;m [0;36m[0;m                                         [0;36m|[0;m
[ [0;32m1[0;m] [0;32mcms002[0;m            [0;32m|[0;m   [0;32m1[0;m      [0;32m0[0;m      [0;32m1[0;m [0;32m|[0;m     [0;32m0[0;m [0;32m|[0;m [0;32m[0;m                                         [0;32m|[0;m
[ [0;32m2[0;m] [0;32mcms001[0;m            [0;32m|[0;m   [0;32m1[0;m      [0;32m1[0;m      [0;32m0[0;m [0;32m|[0;m     [0;32m1[0;m [0;32m|[0;m [0;32m[0;m                                         [0;32m|[0;m
[ [0;31m3[0;m] [0;31matl002[0;m            [0;31m|[0;m   [0;31m1[0;m      [0;31m0[0;m      [0;31m1[0;m [0;31m|[0;m     [0;31m0[0;m [0;31m|[0;m [0;31m[0;m                                         [0;31m|[0;m
[ [0;31m4[0;m] [0;31matl001[0;m            [0;31m|[0;m   [0;31m1[0;m      [0;31m1[0;m      [0;31m0[0;m [0;31m|[0;m     [0;31m2[0;m [0;31m|[0;m [0;31m[0;m                                         [0;31m|[0;m
[ [0;36m5[0;m] [0;36malice02[0;m           [0;36m|[0;m   [0;36m1[0;m      [0;36m0[0;m      [0;36m1[0;m [0;36m|[0;m     [0;36m0[0;m [0;36m|[0;m [0;36m[0;m                                         [0;36m|[0;m

